[prodesk.in/index.html]
[backblue.gif]
[fade.gif]
[index.html]
[prodesk.in/manifest.webmanifest]
[prodesk.in/home.html]
[media.gettyimages.com/id/1294886766/video/gettyimages-1294886766-640x6407ae6.jpg]
[prodesk.in/sw.js]
[prodesk.in/about-us-1.html]
[prodesk.in/our-values.html]
[prodesk.in/our-vision-1.html]
[prodesk.in/who-we-are-1.html]
[prodesk.in/what-we-do-1.html]
[prodesk.in/software-development.html]
[prodesk.in/web-development.html]
[prodesk.in/mobile-app-development.html]
[prodesk.in/crm-solutions.html]
[prodesk.in/hrm-software.html]
[prodesk.in/healthcare-systems.html]
[prodesk.in/cloud-services.html]
[prodesk.in/data-analytics.html]
[prodesk.in/ai-&-machine-learning.html]
[prodesk.in/consulting-&-it-strategy.html]
[prodesk.in/cybersecurity-services.html]
[prodesk.in/logo-design.html]
[prodesk.in/internet-of-things-iot-1.html]
[prodesk.in/ai-&-ml.html]
[prodesk.in/cloud-computing-&-devops.html]
[prodesk.in/python-&-backend.html]
[prodesk.in/react-&-modern-frontend.html]
[prodesk.in/mobile-technologies.html]
[prodesk.in/data-analytics-1.html]
[prodesk.in/internet-of-things-iot.html]
[prodesk.in/cybersecurity.html]
[prodesk.in/java-enterprise-solutions.html]
[prodesk.in/blockchain-&-web3.html]
[prodesk.in/automated-testing.html]
[prodesk.in/robotic-automation.html]
[prodesk.in/enterprise-crm-solutions.html]
[prodesk.in/erp-&-supply-chain.html]
[prodesk.in/ui/ux-design-studio.html]
[prodesk.in/e-commerce-&-retail.html]
[prodesk.in/it-infrastructure.html]
[prodesk.in/digital-marketing.html]
[prodesk.in/api-integration.html]
[prodesk.in/insights.html]
[prodesk.in/success-stories-1.html]
[prodesk.in/careers.html]
[prodesk.in/contact.html]
[prodesk.in/index.html]
[img1.wsimg.com/blobby/go/83d5de90-a5eb-47d5-a7bd-5cd38cd4c0e1/gpub/3c29a350640523df/script.js]
[img1.wsimg.com/blobby/go/83d5de90-a5eb-47d5-a7bd-5cd38cd4c0e1/gpub/deebdaeb4a4ca0ab/script.js]
[prodesk.in/home.html]
[img1.wsimg.com/signals/js/clients/scc-c2/scc-c2.min.js]
[prodesk.in/about-us-1.html]
[img1.wsimg.com/blobby/go/83d5de90-a5eb-47d5-a7bd-5cd38cd4c0e1/gpub/3570e55476d431b0/script.js]
[img1.wsimg.com/blobby/go/83d5de90-a5eb-47d5-a7bd-5cd38cd4c0e1/gpub/dab497e7e82a49a/script.js]
[img1.wsimg.com/blobby/go/83d5de90-a5eb-47d5-a7bd-5cd38cd4c0e1/gpub/55afb51fc16dd524/script.js]
[prodesk.in/our-values.html]
[img1.wsimg.com/blobby/go/83d5de90-a5eb-47d5-a7bd-5cd38cd4c0e1/gpub/6f4a046ad7be8eab/script.js]
[prodesk.in/our-vision-1.html]
[img1.wsimg.com/ceph-p3-01/website-builder-data-prod/static/widgets/UX.4.51.10.js]
[img1.wsimg.com/blobby/go/83d5de90-a5eb-47d5-a7bd-5cd38cd4c0e1/gpub/7796d62b269c348b/script.js]
[prodesk.in/who-we-are-1.html]
[img1.wsimg.com/blobby/go/83d5de90-a5eb-47d5-a7bd-5cd38cd4c0e1/gpub/785cb99197199416/script.js]
[img1.wsimg.com/blobby/go/83d5de90-a5eb-47d5-a7bd-5cd38cd4c0e1/gpub/e327808389a4ca9b/script.js]
[img1.wsimg.com/blobby/go/83d5de90-a5eb-47d5-a7bd-5cd38cd4c0e1/gpub/670661cd881122bc/script.js]
[prodesk.in/what-we-do-1.html]
[img1.wsimg.com/blobby/go/83d5de90-a5eb-47d5-a7bd-5cd38cd4c0e1/gpub/285b17f718a22dca/script.js]
[img1.wsimg.com/blobby/go/83d5de90-a5eb-47d5-a7bd-5cd38cd4c0e1/gpub/af608d75f88fb001/script.js]
[prodesk.in/software-development.html]
[img1.wsimg.com/blobby/go/83d5de90-a5eb-47d5-a7bd-5cd38cd4c0e1/gpub/db1f1ec1aaa3aeb0/script.js]
[img1.wsimg.com/blobby/go/83d5de90-a5eb-47d5-a7bd-5cd38cd4c0e1/gpub/3054b4ce808db951/script.js]
[prodesk.in/web-development.html]
[img1.wsimg.com/blobby/go/83d5de90-a5eb-47d5-a7bd-5cd38cd4c0e1/gpub/6519fc7868220ec0/script.js]
[img1.wsimg.com/blobby/go/83d5de90-a5eb-47d5-a7bd-5cd38cd4c0e1/gpub/597912f288d99cff/script.js]
[img1.wsimg.com/blobby/go/83d5de90-a5eb-47d5-a7bd-5cd38cd4c0e1/gpub/9459538103130e8a/script.js]
[img1.wsimg.com/blobby/go/83d5de90-a5eb-47d5-a7bd-5cd38cd4c0e1/gpub/2a07f4cb500bcf96/script.js]
[prodesk.in/mobile-app-development.html]
[img1.wsimg.com/blobby/go/83d5de90-a5eb-47d5-a7bd-5cd38cd4c0e1/gpub/4c21fab22d33a65b/script.js]
[prodesk.in/crm-solutions.html]
[img1.wsimg.com/blobby/go/83d5de90-a5eb-47d5-a7bd-5cd38cd4c0e1/gpub/99dab01f657166ea/script.js]
[img1.wsimg.com/blobby/go/83d5de90-a5eb-47d5-a7bd-5cd38cd4c0e1/gpub/72e614c4d19313e5/script.js]
[prodesk.in/hrm-software.html]
[img1.wsimg.com/blobby/go/83d5de90-a5eb-47d5-a7bd-5cd38cd4c0e1/gpub/338dfffece6e42cc/script.js]
[img1.wsimg.com/blobby/go/83d5de90-a5eb-47d5-a7bd-5cd38cd4c0e1/gpub/b89af19fccfa2d3/script.js]
[prodesk.in/healthcare-systems.html]
[img1.wsimg.com/blobby/go/83d5de90-a5eb-47d5-a7bd-5cd38cd4c0e1/gpub/e9bf9400e142492c/script.js]
[prodesk.in/cloud-services.html]
[img1.wsimg.com/blobby/go/83d5de90-a5eb-47d5-a7bd-5cd38cd4c0e1/gpub/da121b07821e9bef/script.js]
[prodesk.in/data-analytics.html]
[img1.wsimg.com/blobby/go/83d5de90-a5eb-47d5-a7bd-5cd38cd4c0e1/gpub/7ffc57461fa1cca7/script.js]
[img1.wsimg.com/blobby/go/83d5de90-a5eb-47d5-a7bd-5cd38cd4c0e1/gpub/a57bb70daf5b72c4/script.js]
[prodesk.in/ai-&-machine-learning.html]
[img1.wsimg.com/blobby/go/83d5de90-a5eb-47d5-a7bd-5cd38cd4c0e1/gpub/d815c4e6f5abb25b/script.js]
[prodesk.in/consulting-&-it-strategy.html]
[img1.wsimg.com/blobby/go/83d5de90-a5eb-47d5-a7bd-5cd38cd4c0e1/gpub/a73a4a2b5d4eff3a/script.js]
[img1.wsimg.com/blobby/go/83d5de90-a5eb-47d5-a7bd-5cd38cd4c0e1/gpub/a2684e9eb2c06701/script.js]
[img1.wsimg.com/blobby/go/83d5de90-a5eb-47d5-a7bd-5cd38cd4c0e1/gpub/eb1c129b958071d7/script.js]
[prodesk.in/cybersecurity-services.html]
[img1.wsimg.com/blobby/go/83d5de90-a5eb-47d5-a7bd-5cd38cd4c0e1/gpub/7358b14fd1c3cb1/script.js]
[img1.wsimg.com/blobby/go/83d5de90-a5eb-47d5-a7bd-5cd38cd4c0e1/gpub/1a01e86b41d78120/script.js]
[img1.wsimg.com/blobby/go/83d5de90-a5eb-47d5-a7bd-5cd38cd4c0e1/gpub/cc372fb40dc0444d/script.js]
[prodesk.in/logo-design.html]
[prodesk.in/internet-of-things-iot-1.html]
[img1.wsimg.com/blobby/go/83d5de90-a5eb-47d5-a7bd-5cd38cd4c0e1/gpub/44a2889ab90460cd/script.js]
[img1.wsimg.com/blobby/go/83d5de90-a5eb-47d5-a7bd-5cd38cd4c0e1/gpub/fe694345bcc9e007/script.js]
[img1.wsimg.com/blobby/go/83d5de90-a5eb-47d5-a7bd-5cd38cd4c0e1/gpub/ef95a2d9a37031ec/script.js]
[img1.wsimg.com/blobby/go/83d5de90-a5eb-47d5-a7bd-5cd38cd4c0e1/gpub/b0821eb0ef341b63/script.js]
[prodesk.in/ai-&-ml.html]
[prodesk.in/cloud-computing-&-devops.html]
[img1.wsimg.com/blobby/go/83d5de90-a5eb-47d5-a7bd-5cd38cd4c0e1/gpub/3f81f3a6f1fd40a2/script.js]
[img1.wsimg.com/blobby/go/83d5de90-a5eb-47d5-a7bd-5cd38cd4c0e1/gpub/4719d3bc0b60176e/script.js]
[img1.wsimg.com/blobby/go/83d5de90-a5eb-47d5-a7bd-5cd38cd4c0e1/gpub/ce23998b7bbecb89/script.js]
[prodesk.in/python-&-backend.html]
[img1.wsimg.com/blobby/go/83d5de90-a5eb-47d5-a7bd-5cd38cd4c0e1/gpub/8a7a5730d8328bab/script.js]
[prodesk.in/react-&-modern-frontend.html]
[img1.wsimg.com/blobby/go/83d5de90-a5eb-47d5-a7bd-5cd38cd4c0e1/gpub/364cfe1bc3d97df0/script.js]
[img1.wsimg.com/blobby/go/83d5de90-a5eb-47d5-a7bd-5cd38cd4c0e1/gpub/88681f843a1ec7e3/script.js]
[img1.wsimg.com/blobby/go/83d5de90-a5eb-47d5-a7bd-5cd38cd4c0e1/gpub/622d3ad5499461e7/script.js]
[prodesk.in/mobile-technologies.html]
[img1.wsimg.com/blobby/go/83d5de90-a5eb-47d5-a7bd-5cd38cd4c0e1/gpub/af1d42f4c6f8f763/script.js]
[prodesk.in/data-analytics-1.html]
[img1.wsimg.com/blobby/go/83d5de90-a5eb-47d5-a7bd-5cd38cd4c0e1/gpub/9ab10fd1093cdbf6/script.js]
[img1.wsimg.com/blobby/go/83d5de90-a5eb-47d5-a7bd-5cd38cd4c0e1/gpub/71cc551b1a504d9f/script.js]
[img1.wsimg.com/blobby/go/83d5de90-a5eb-47d5-a7bd-5cd38cd4c0e1/gpub/3963af6d4405b4d7/script.js]
[prodesk.in/internet-of-things-iot.html]
[img1.wsimg.com/blobby/go/83d5de90-a5eb-47d5-a7bd-5cd38cd4c0e1/gpub/557335c4cac5be88/script.js]
[img1.wsimg.com/blobby/go/83d5de90-a5eb-47d5-a7bd-5cd38cd4c0e1/gpub/c8dcc879bab5d817/script.js]
[img1.wsimg.com/blobby/go/83d5de90-a5eb-47d5-a7bd-5cd38cd4c0e1/gpub/b7b97af73e659b78/script.js]
[prodesk.in/cybersecurity.html]
[img1.wsimg.com/blobby/go/83d5de90-a5eb-47d5-a7bd-5cd38cd4c0e1/gpub/f1d7ec0708ce528d/script.js]
[img1.wsimg.com/blobby/go/83d5de90-a5eb-47d5-a7bd-5cd38cd4c0e1/gpub/1a663c7bacd2c004/script.js]
[prodesk.in/java-enterprise-solutions.html]
[img1.wsimg.com/blobby/go/83d5de90-a5eb-47d5-a7bd-5cd38cd4c0e1/gpub/e0b1f67ee69d4f5d/script.js]
[prodesk.in/blockchain-&-web3.html]
[img1.wsimg.com/blobby/go/83d5de90-a5eb-47d5-a7bd-5cd38cd4c0e1/gpub/40b1b88b621f4f7c/script.js]
[img1.wsimg.com/blobby/go/83d5de90-a5eb-47d5-a7bd-5cd38cd4c0e1/gpub/92df765b71acc76b/script.js]
[prodesk.in/automated-testing.html]
[img1.wsimg.com/blobby/go/83d5de90-a5eb-47d5-a7bd-5cd38cd4c0e1/gpub/4f483df41638bce8/script.js]
[img1.wsimg.com/blobby/go/83d5de90-a5eb-47d5-a7bd-5cd38cd4c0e1/gpub/9b1653c66ffaa17b/script.js]
[img1.wsimg.com/blobby/go/83d5de90-a5eb-47d5-a7bd-5cd38cd4c0e1/gpub/afbf5bc031b8c488/script.js]
[prodesk.in/robotic-automation.html]
[img1.wsimg.com/blobby/go/83d5de90-a5eb-47d5-a7bd-5cd38cd4c0e1/gpub/5b7eb3f0edffc3ae/script.js]
[prodesk.in/enterprise-crm-solutions.html]
[img1.wsimg.com/blobby/go/83d5de90-a5eb-47d5-a7bd-5cd38cd4c0e1/gpub/277c04edbf5ea98c/script.js]
[img1.wsimg.com/blobby/go/83d5de90-a5eb-47d5-a7bd-5cd38cd4c0e1/gpub/ae36b1752ec6f501/script.js]
[img1.wsimg.com/blobby/go/83d5de90-a5eb-47d5-a7bd-5cd38cd4c0e1/gpub/cadb8c3c68e05301/script.js]
[prodesk.in/erp-&-supply-chain.html]
[prodesk.in/ui/ux-design-studio.html]
[img1.wsimg.com/blobby/go/83d5de90-a5eb-47d5-a7bd-5cd38cd4c0e1/gpub/606ab95c55fe1ba8/script.js]
[img1.wsimg.com/blobby/go/83d5de90-a5eb-47d5-a7bd-5cd38cd4c0e1/gpub/52cf6c9030c9229/script.js]
[img1.wsimg.com/blobby/go/83d5de90-a5eb-47d5-a7bd-5cd38cd4c0e1/gpub/9e54c753dba96f2f/script.js]
[prodesk.in/e-commerce-&-retail.html]
[img1.wsimg.com/blobby/go/83d5de90-a5eb-47d5-a7bd-5cd38cd4c0e1/gpub/a336293d4ea15cec/script.js]
[img1.wsimg.com/blobby/go/83d5de90-a5eb-47d5-a7bd-5cd38cd4c0e1/gpub/8ccf198205c4ce60/script.js]
[prodesk.in/it-infrastructure.html]
[img1.wsimg.com/blobby/go/83d5de90-a5eb-47d5-a7bd-5cd38cd4c0e1/gpub/ca6746b29fd53f99/script.js]
[prodesk.in/digital-marketing.html]
[img1.wsimg.com/blobby/go/83d5de90-a5eb-47d5-a7bd-5cd38cd4c0e1/gpub/18a1b09ab5bc4733/script.js]
[img1.wsimg.com/blobby/go/83d5de90-a5eb-47d5-a7bd-5cd38cd4c0e1/gpub/70ffee6ca30af843/script.js]
[img1.wsimg.com/blobby/go/83d5de90-a5eb-47d5-a7bd-5cd38cd4c0e1/gpub/ffe8ecfc3ebba3ac/script.js]
[img1.wsimg.com/blobby/go/83d5de90-a5eb-47d5-a7bd-5cd38cd4c0e1/gpub/6978de47fce03045/script.js]
[prodesk.in/api-integration.html]
[img1.wsimg.com/blobby/go/83d5de90-a5eb-47d5-a7bd-5cd38cd4c0e1/gpub/abd4d7b6202cfd13/script.js]
[img1.wsimg.com/blobby/go/83d5de90-a5eb-47d5-a7bd-5cd38cd4c0e1/gpub/861db9e5fe8552fc/script.js]
[prodesk.in/insights.html]
[img1.wsimg.com/blobby/go/83d5de90-a5eb-47d5-a7bd-5cd38cd4c0e1/gpub/a33f0f296ea6db34/script.js]
[img1.wsimg.com/blobby/go/83d5de90-a5eb-47d5-a7bd-5cd38cd4c0e1/gpub/d21420516c5ef07f/script.js]
[prodesk.in/success-stories-1.html]
[img1.wsimg.com/blobby/go/83d5de90-a5eb-47d5-a7bd-5cd38cd4c0e1/gpub/4b6e60990f5b1123/script.js]
[img1.wsimg.com/blobby/go/83d5de90-a5eb-47d5-a7bd-5cd38cd4c0e1/gpub/88c6bd7d36eb743f/script.js]
[img1.wsimg.com/blobby/go/83d5de90-a5eb-47d5-a7bd-5cd38cd4c0e1/gpub/aeb9dd5b1b28a34/script.js]
[img1.wsimg.com/blobby/go/83d5de90-a5eb-47d5-a7bd-5cd38cd4c0e1/gpub/c5a404191eff1c9e/script.js]
[prodesk.in/careers.html]
[img1.wsimg.com/blobby/go/83d5de90-a5eb-47d5-a7bd-5cd38cd4c0e1/gpub/8c7f2f51a0d1b63b/script.js]
[prodesk.in/contact.html]
[img1.wsimg.com/blobby/go/83d5de90-a5eb-47d5-a7bd-5cd38cd4c0e1/gpub/4eebcdb2febeff90/script.js]
